[{"key1":"value1","numbers3":[3,4,5]},{"key2":"value2","numbers4":[4,5,6],"obj1":{"nestedKey":"value","isNested":true}},{"chars1":["a","b","c"],"numbers1":[1,2,3,4]},{"old value of chars2":["d","e","f"],"new value of chars2":false,"old value of checked":false,"new value of checked":true,"old value of default":null,"new value of default":["value1","value2"],"old value of id":45,"new value of id":null,"old value of numbers2":[2,3,4,5],"new value of numbers2":[22,33,44,55],"old value of setting1":"Some value","new value of setting1":"Another value","old value of setting2":200,"new value of setting2":300,"old value of setting3":true,"new value of setting3":"none"}]